// Jest Snapshot v1, https://goo.gl/fbAQLP

exports[`<withVideoPlayer> snapshots: should render component with videoPlayer 1`] = `
<div
  className="MOCK_WRAPPER"
>
  <video
    loop={true}
    muted={true}
    onCanPlay={[Function]}
    onWaiting={[Function]}
    poster="https://placehold.co/280x175/EEE/31343C"
    src="https://download.blender.org/durian/trailer/sintel_trailer-480p.mp4"
  />
</div>
`;
