// Jest Snapshot v1, https://goo.gl/fbAQLP

exports[`<MoviesList> snapshots: should render movies ["Красный дракон", "Молчание ягнят", "Ганнибал", "Восхождение Ганнибала", "Черное воскресенье", "Кари Мора"] 1`] = `
[
  <div
    className="catalog__movies-list"
  />,
  <div
    className="catalog__more"
  >
    <button
      className="catalog__button"
      onClick={[Function]}
      type="button"
    >
      Show more
    </button>
  </div>,
]
`;
