// Jest Snapshot v1, https://goo.gl/fbAQLP

exports[`<ModalServerError> snapshots: should render correctly 1`] = `
<div
  className="modal"
>
  <div
    className="modal__content"
  >
    <h2>
      Произошла ошибка
    </h2>
    <p>
      Пожалуйста, перезагрузите страницу
    </p>
  </div>
</div>
`;
