// Jest Snapshot v1, https://goo.gl/fbAQLP

exports[`MovieCard snapshots main snapshot 1`] = `
<article
  className="small-movie-card catalog__movies-card"
  onMouseEnter={[Function]}
>
  <div
    className="small-movie-card__image"
  >
    <img
      alt="Красный дракон"
      height="175"
      src="https://placehold.co/280x175/EEE/31343C"
      width="280"
    />
  </div>
  <h3
    className="small-movie-card__title"
  >
    <a
      className="small-movie-card__link"
      href="/"
    >
      Красный дракон
    </a>
  </h3>
</article>
`;
